// Jest Snapshot v1, https://goo.gl/fbAQLP

exports[`should renders card 1`] = `ShallowWrapper {}`;
