// Jest Snapshot v1, https://goo.gl/fbAQLP

exports[`should renders Divider 1`] = `ShallowWrapper {}`;
